Archive member included to satisfy reference by file (symbol)

D:/VXL/STM32CubeIDE_1.18.0/STM32CubeIDE/plugins/com.st.stm32cube.ide.mcu.externaltools.gnu-tools-for-stm32.13.3.rel1.win32_1.0.0.202411081344/tools/bin/../lib/gcc/arm-none-eabi/13.3.1/../../../../arm-none-eabi/lib/thumb/v7-m/nofp\libc_nano.a(libc_a-exit.o)
                              D:/VXL/STM32CubeIDE_1.18.0/STM32CubeIDE/plugins/com.st.stm32cube.ide.mcu.externaltools.gnu-tools-for-stm32.13.3.rel1.win32_1.0.0.202411081344/tools/bin/../lib/gcc/arm-none-eabi/13.3.1/../../../../arm-none-eabi/lib/thumb/v7-m/nofp/crt0.o (exit)
D:/VXL/STM32CubeIDE_1.18.0/STM32CubeIDE/plugins/com.st.stm32cube.ide.mcu.externaltools.gnu-tools-for-stm32.13.3.rel1.win32_1.0.0.202411081344/tools/bin/../lib/gcc/arm-none-eabi/13.3.1/../../../../arm-none-eabi/lib/thumb/v7-m/nofp\libc_nano.a(libc_a-findfp.o)
                              D:/VXL/STM32CubeIDE_1.18.0/STM32CubeIDE/plugins/com.st.stm32cube.ide.mcu.externaltools.gnu-tools-for-stm32.13.3.rel1.win32_1.0.0.202411081344/tools/bin/../lib/gcc/arm-none-eabi/13.3.1/../../../../arm-none-eabi/lib/thumb/v7-m/nofp\libc_nano.a(libc_a-exit.o) (__stdio_exit_handler)
D:/VXL/STM32CubeIDE_1.18.0/STM32CubeIDE/plugins/com.st.stm32cube.ide.mcu.externaltools.gnu-tools-for-stm32.13.3.rel1.win32_1.0.0.202411081344/tools/bin/../lib/gcc/arm-none-eabi/13.3.1/../../../../arm-none-eabi/lib/thumb/v7-m/nofp\libc_nano.a(libc_a-fwalk.o)
                              D:/VXL/STM32CubeIDE_1.18.0/STM32CubeIDE/plugins/com.st.stm32cube.ide.mcu.externaltools.gnu-tools-for-stm32.13.3.rel1.win32_1.0.0.202411081344/tools/bin/../lib/gcc/arm-none-eabi/13.3.1/../../../../arm-none-eabi/lib/thumb/v7-m/nofp\libc_nano.a(libc_a-findfp.o) (_fwalk_sglue)
D:/VXL/STM32CubeIDE_1.18.0/STM32CubeIDE/plugins/com.st.stm32cube.ide.mcu.externaltools.gnu-tools-for-stm32.13.3.rel1.win32_1.0.0.202411081344/tools/bin/../lib/gcc/arm-none-eabi/13.3.1/../../../../arm-none-eabi/lib/thumb/v7-m/nofp\libc_nano.a(libc_a-stdio.o)
                              D:/VXL/STM32CubeIDE_1.18.0/STM32CubeIDE/plugins/com.st.stm32cube.ide.mcu.externaltools.gnu-tools-for-stm32.13.3.rel1.win32_1.0.0.202411081344/tools/bin/../lib/gcc/arm-none-eabi/13.3.1/../../../../arm-none-eabi/lib/thumb/v7-m/nofp\libc_nano.a(libc_a-findfp.o) (__sread)
D:/VXL/STM32CubeIDE_1.18.0/STM32CubeIDE/plugins/com.st.stm32cube.ide.mcu.externaltools.gnu-tools-for-stm32.13.3.rel1.win32_1.0.0.202411081344/tools/bin/../lib/gcc/arm-none-eabi/13.3.1/../../../../arm-none-eabi/lib/thumb/v7-m/nofp\libc_nano.a(libc_a-memset.o)
                              D:/VXL/STM32CubeIDE_1.18.0/STM32CubeIDE/plugins/com.st.stm32cube.ide.mcu.externaltools.gnu-tools-for-stm32.13.3.rel1.win32_1.0.0.202411081344/tools/bin/../lib/gcc/arm-none-eabi/13.3.1/../../../../arm-none-eabi/lib/thumb/v7-m/nofp/crt0.o (memset)
D:/VXL/STM32CubeIDE_1.18.0/STM32CubeIDE/plugins/com.st.stm32cube.ide.mcu.externaltools.gnu-tools-for-stm32.13.3.rel1.win32_1.0.0.202411081344/tools/bin/../lib/gcc/arm-none-eabi/13.3.1/../../../../arm-none-eabi/lib/thumb/v7-m/nofp\libc_nano.a(libc_a-closer.o)
                              D:/VXL/STM32CubeIDE_1.18.0/STM32CubeIDE/plugins/com.st.stm32cube.ide.mcu.externaltools.gnu-tools-for-stm32.13.3.rel1.win32_1.0.0.202411081344/tools/bin/../lib/gcc/arm-none-eabi/13.3.1/../../../../arm-none-eabi/lib/thumb/v7-m/nofp\libc_nano.a(libc_a-stdio.o) (_close_r)
D:/VXL/STM32CubeIDE_1.18.0/STM32CubeIDE/plugins/com.st.stm32cube.ide.mcu.externaltools.gnu-tools-for-stm32.13.3.rel1.win32_1.0.0.202411081344/tools/bin/../lib/gcc/arm-none-eabi/13.3.1/../../../../arm-none-eabi/lib/thumb/v7-m/nofp\libc_nano.a(libc_a-reent.o)
                              D:/VXL/STM32CubeIDE_1.18.0/STM32CubeIDE/plugins/com.st.stm32cube.ide.mcu.externaltools.gnu-tools-for-stm32.13.3.rel1.win32_1.0.0.202411081344/tools/bin/../lib/gcc/arm-none-eabi/13.3.1/../../../../arm-none-eabi/lib/thumb/v7-m/nofp\libc_nano.a(libc_a-closer.o) (errno)
D:/VXL/STM32CubeIDE_1.18.0/STM32CubeIDE/plugins/com.st.stm32cube.ide.mcu.externaltools.gnu-tools-for-stm32.13.3.rel1.win32_1.0.0.202411081344/tools/bin/../lib/gcc/arm-none-eabi/13.3.1/../../../../arm-none-eabi/lib/thumb/v7-m/nofp\libc_nano.a(libc_a-impure.o)
                              D:/VXL/STM32CubeIDE_1.18.0/STM32CubeIDE/plugins/com.st.stm32cube.ide.mcu.externaltools.gnu-tools-for-stm32.13.3.rel1.win32_1.0.0.202411081344/tools/bin/../lib/gcc/arm-none-eabi/13.3.1/../../../../arm-none-eabi/lib/thumb/v7-m/nofp\libc_nano.a(libc_a-reent.o) (_impure_ptr)
D:/VXL/STM32CubeIDE_1.18.0/STM32CubeIDE/plugins/com.st.stm32cube.ide.mcu.externaltools.gnu-tools-for-stm32.13.3.rel1.win32_1.0.0.202411081344/tools/bin/../lib/gcc/arm-none-eabi/13.3.1/../../../../arm-none-eabi/lib/thumb/v7-m/nofp\libc_nano.a(libc_a-lseekr.o)
[...]
Memory Configuration

Name             Origin             Length             Attributes
RAM              0x20000000         0x00002800         xrw
FLASH            0x08000000         0x00008000         xr
*default*        0x00000000         0xffffffff

Linker script and memory map

LOAD D:/VXL/STM32CubeIDE_1.18.0/STM32CubeIDE/plugins/com.st.stm32cube.ide.mcu.externaltools.gnu-tools-for-stm32.13.3.rel1.win32_1.0.0.202411081344/tools/bin/../lib/gcc/arm-none-eabi/13.3.1/thumb/v7-m/nofp/crti.o
LOAD D:/VXL/STM32CubeIDE_1.18.0/STM32CubeIDE/plugins/com.st.stm32cube.ide.mcu.externaltools.gnu-tools-for-stm32.13.3.rel1.win32_1.0.0.202411081344/tools/bin/../lib/gcc/arm-none-eabi/13.3.1/thumb/v7-m/nofp/crtbegin.o
LOAD D:/VXL/STM32CubeIDE_1.18.0/STM32CubeIDE/plugins/com.st.stm32cube.ide.mcu.externaltools.gnu-tools-for-stm32.13.3.rel1.win32_1.0.0.202411081344/tools/bin/../lib/gcc/arm-none-eabi/13.3.1/../../../../arm-none-eabi/lib/thumb/v7-m/nofp/crt0.o
LOAD ./Core/Src/button.o
LOAD ./Core/Src/fsm_automatic.o
LOAD ./Core/Src/fsm_manual.o
LOAD ./Core/Src/fsm_setting.o
LOAD ./Core/Src/global.o
LOAD ./Core/Src/i2c-lcd.o
LOAD ./Core/Src/main.o
LOAD ./Core/Src/scheduler.o
LOAD ./Core/Src/stm32f1xx_hal_msp.o
LOAD ./Core/Src/stm32f1xx_it.o
LOAD ./Core/Src/syscalls.o
LOAD ./Core/Src/sysmem.o
LOAD ./Core/Src/system_stm32f1xx.o
LOAD ./Core/Startup/startup_stm32f103c6ux.o
LOAD ./Drivers/STM32F1xx_HAL_Driver/Src/stm32f1xx_hal.o
LOAD ./Drivers/STM32F1xx_HAL_Driver/Src/stm32f1xx_hal_cortex.o
LOAD ./Drivers/STM32F1xx_HAL_Driver/Src/stm32f1xx_hal_dma.o
LOAD ./Drivers/STM32F1xx_HAL_Driver/Src/stm32f1xx_hal_exti.o
LOAD ./Drivers/STM32F1xx_HAL_Driver/Src/stm32f1xx_hal_flash.o
LOAD ./Drivers/STM32F1xx_HAL_Driver/Src/stm32f1xx_hal_flash_ex.o
LOAD ./Drivers/STM32F1xx_HAL_Driver/Src/stm32f1xx_hal_gpio.o
LOAD ./Drivers/STM32F1xx_HAL_Driver/Src/stm32f1xx_hal_gpio_ex.o
LOAD ./Drivers/STM32F1xx_HAL_Driver/Src/stm32f1xx_hal_i2c.o
LOAD ./Drivers/STM32F1xx_HAL_Driver/Src/stm32f1xx_hal_pwr.o
LOAD ./Drivers/STM32F1xx_HAL_Driver/Src/stm32f1xx_hal_rcc.o
LOAD ./Drivers/STM32F1xx_HAL_Driver/Src/stm32f1xx_hal_rcc_ex.o
LOAD ./Drivers/STM32F1xx_HAL_Driver/Src/stm32f1xx_hal_tim.o
LOAD ./Drivers/STM32F1xx_HAL_Driver/Src/stm32f1xx_hal_tim_ex.o
LOAD ./Drivers/STM32F1xx_HAL_Driver/Src/stm32f1xx_hal_uart.o
START GROUP
LOAD D:/VXL/STM32CubeIDE_1.18.0/STM32CubeIDE/plugins/com.st.stm32cube.ide.mcu.externaltools.gnu-tools-for-stm32.13.3.rel1.win32_1.0.0.202411081344/tools/bin/../lib/gcc/arm-none-eabi/13.3.1/../../../../arm-none-eabi/lib/thumb/v7-m/nofp\libc_nano.a
LOAD D:/VXL/STM32CubeIDE_1.18.0/STM32CubeIDE/plugins/com.st.stm32cube.ide.mcu.externaltools.gnu-tools-for-stm32.13.3.rel1.win32_1.0.0.202411081344/tools/bin/../lib/gcc/arm-none-eabi/13.3.1/../../../../arm-none-eabi/lib/thumb/v7-m/nofp\libm.a
END GROUP
START GROUP
LOAD D:/VXL/STM32CubeIDE_1.18.0/STM32CubeIDE/plugins/com.st.stm32cube.ide.mcu.externaltools.gnu-tools-for-stm32.13.3.rel1.win32_1.0.0.202411081344/tools/bin/../lib/gcc/arm-none-eabi/13.3.1/thumb/v7-m/nofp\libgcc.a
LOAD D:/VXL/STM32CubeIDE_1.18.0/STM32CubeIDE/plugins/com.st.stm32cube.ide.mcu.externaltools.gnu-tools-for-stm32.13.3.rel1.win32_1.0.0.202411081344/tools/bin/../lib/gcc/arm-none-eabi/13.3.1/../../../../arm-none-eabi/lib/thumb/v7-m/nofp\libc_nano.a
END GROUP
START GROUP
LOAD D:/VXL/STM32CubeIDE_1.18.0/STM32CubeIDE/plugins/com.st.stm32cube.ide.mcu.externaltools.gnu-tools-for-stm32.13.3.rel1.win32_1.0.0.202411081344/tools/bin/../lib/gcc/arm-none-eabi/13.3.1/thumb/v7-m/nofp\libgcc.a
LOAD D:/VXL/STM32CubeIDE_1.18.0/STM32CubeIDE/plugins/com.st.stm32cube.ide.mcu.externaltools.gnu-tools-for-stm32.13.3.rel1.win32_1.0.0.202411081344/tools/bin/../lib/gcc/arm-none-eabi/13.3.1/../../../../arm-none-eabi/lib/thumb/v7-m/nofp\libc_nano.a
LOAD D:/VXL/STM32CubeIDE_1.18.0/STM32CubeIDE/plugins/com.st.stm32cube.ide.mcu.externaltools.gnu-tools-for-stm32.13.3.rel1.win32_1.0.0.202411081344/tools/bin/../lib/gcc/arm-none-eabi/13.3.1/../../../../arm-none-eabi/lib/thumb/v7-m/nofp\libnosys.a
END GROUP
START GROUP
LOAD D:/VXL/STM32CubeIDE_1.18.0/STM32CubeIDE/plugins/com.st.stm32cube.ide.mcu.externaltools.gnu-tools-for-stm32.13.3.rel1.win32_1.0.0.202411081344/tools/bin/../lib/gcc/arm-none-eabi/13.3.1/thumb/v7-m/nofp\libgcc.a
LOAD D:/VXL/STM32CubeIDE_1.18.0/STM32CubeIDE/plugins/com.st.stm32cube.ide.mcu.externaltools.gnu-tools-for-stm32.13.3.rel1.win32_1.0.0.202411081344/tools/bin/../lib/gcc/arm-none-eabi/13.3.1/../../../../arm-none-eabi/lib/thumb/v7-m/nofp\libc_nano.a
LOAD D:/VXL/STM32CubeIDE_1.18.0/STM32CubeIDE/plugins/com.st.stm32cube.ide.mcu.externaltools.gnu-tools-for-stm32.13.3.rel1.win32_1.0.0.202411081344/tools/bin/../lib/gcc/arm-none-eabi/13.3.1/../../../../arm-none-eabi/lib/thumb/v7-m/nofp\libnosys.a
END GROUP
LOAD D:/VXL/STM32CubeIDE_1.18.0/STM32CubeIDE/plugins/com.st.stm32cube.ide.mcu.externaltools.gnu-tools-for-stm32.13.3.rel1.win32_1.0.0.202411081344/tools/bin/../lib/gcc/arm-none-eabi/13.3.1/thumb/v7-m/nofp/crtend.o
LOAD D:/VXL/STM32CubeIDE_1.18.0/STM32CubeIDE/plugins/com.st.stm32cube.ide.mcu.externaltools.gnu-tools-for-stm32.13.3.rel1.win32_1.0.0.202411081344/tools/bin/../lib/gcc/arm-none-eabi/13.3.1/thumb/v7-m/nofp/crtn.o
                0x20002800                        _estack = (ORIGIN (RAM) + LENGTH (RAM))
                0x00000200                        _Min_Heap_Size = 0x200
                0x00000400                        _Min_Stack_Size = 0x400

.isr_vector     0x08000000      0x10c
                0x08000000                        . = ALIGN (0x4)
 *(.isr_vector)
 .isr_vector    0x08000000      0x10c ./Core/Startup/startup_stm32f103c6ux.o
                0x08000000                g_pfnVectors
                0x0800010c                        . = ALIGN (0x4)

.text           0x0800010c     0x3f48
                0x0800010c                        . = ALIGN (0x4)
 *(.text)
 .text          0x0800010c       0x40 D:/VXL/STM32CubeIDE_1.18.0/STM32CubeIDE/plugins/com.st.stm32cube.ide.mcu.externaltools.gnu-tools-for-stm32.13.3.rel1.win32_1.0.0.202411081344/tools/bin/../lib/gcc/arm-none-eabi/13.3.1/thumb/v7-m/nofp/crtbegin.o
 *(.text*)
 .text.isButtonPressed
                0x0800014c       0x34 ./Core/Src/button.o
                0x0800014c                isButtonPressed
 .text.isButtonLongPressed
                0x08000180       0x34 ./Core/Src/button.o
                0x08000180                isButtonLongPressed
 .text.getKeyInput
                0x080001b4      0x138 ./Core/Src/button.o
                0x080001b4                getKeyInput
 .text.run_automatic
                0x080002ec      0x20c ./Core/Src/fsm_automatic.o
                0x080002ec                run_automatic
 .text.run_manual
                0x080004f8      0x218 ./Core/Src/fsm_manual.o
                0x080004f8                run_manual
 .text.run_setting
                0x08000710      0x2b8 ./Core/Src/fsm_setting.o
                0x08000710                run_setting
 .text.ResetLight1
                0x080009c8       0x2c ./Core/Src/global.o
                0x080009c8                ResetLight1
 .text.RedLight1
                0x080009f4       0x2c ./Core/Src/global.o
                0x080009f4                RedLight1
 .text.YellowLight1
                0x08000a20       0x2c ./Core/Src/global.o
                0x08000a20                YellowLight1
 .text.GreenLight1
                0x08000a4c       0x2c ./Core/Src/global.o
                0x08000a4c                GreenLight1
 .text.RedLight2
                0x08000a78       0x2c ./Core/Src/global.o
                0x08000a78                RedLight2
 .text.YellowLight2
                0x08000aa4       0x2c ./Core/Src/global.o
                0x08000aa4                YellowLight2
 .text.GreenLight2
                0x08000ad0       0x2c ./Core/Src/global.o
                0x08000ad0                GreenLight2
 .text.ResetLight2
                0x08000afc       0x2c ./Core/Src/global.o
                0x08000afc                ResetLight2
 .text.Run_Traffic_Light
                0x08000b28       0x14 ./Core/Src/global.o
                0x08000b28                Run_Traffic_Light
 .text.lcd_send_cmd
                0x08000b3c       0x60 ./Core/Src/i2c-lcd.o
                0x08000b3c                lcd_send_cmd
 .text.lcd_clear_display
                0x08000b9c        0xe ./Core/Src/i2c-lcd.o
                0x08000b9c                lcd_clear_display
 *fill*         0x08000baa        0x2 
 .text.main     0x08000bac       0x50 ./Core/Src/main.o
                0x08000bac                main
 .text.SystemClock_Config
                0x08000bfc       0x76 ./Core/Src/main.o
                0x08000bfc                SystemClock_Config
 *fill*         0x08000c72        0x2 
 .text.MX_I2C1_Init
                0x08000c74       0x5c ./Core/Src/main.o
 .text.MX_TIM2_Init
                0x08000cd0       0x98 ./Core/Src/main.o
 .text.MX_USART2_UART_Init
                0x08000d68       0x54 ./Core/Src/main.o
 .text.MX_GPIO_Init
                0x08000dbc       0xc4 ./Core/Src/main.o
 .text.HAL_TIM_PeriodElapsedCallback
                0x08000e80       0x18 ./Core/Src/main.o
                0x08000e80                HAL_TIM_PeriodElapsedCallback
 .text.Error_Handler
                0x08000e98        0xc ./Core/Src/main.o
                0x08000e98                Error_Handler
 .text.SCH_Init
                0x08000ea4       0x80 ./Core/Src/scheduler.o
                0x08000ea4                SCH_Init
 .text.SCH_Add_Task
                0x08000f24      0x114 ./Core/Src/scheduler.o
                0x08000f24                SCH_Add_Task
 .text.SCH_Update
                0x08001038      0x108 ./Core/Src/scheduler.o
                0x08001038                SCH_Update
 .text.SCH_Dispatch_Tasks
                0x08001140       0x98 ./Core/Src/scheduler.o
                0x08001140                SCH_Dispatch_Tasks
 .text.HAL_MspInit
                0x080011d8       0x64 ./Core/Src/stm32f1xx_hal_msp.o
                0x080011d8                HAL_MspInit
 .text.HAL_I2C_MspInit
                0x0800123c       0xa4 ./Core/Src/stm32f1xx_hal_msp.o
                0x0800123c                HAL_I2C_MspInit
 .text.HAL_TIM_Base_MspInit
                0x080012e0       0x48 ./Core/Src/stm32f1xx_hal_msp.o
                0x080012e0                HAL_TIM_Base_MspInit
 .text.HAL_UART_MspInit
                0x08001328       0xa4 ./Core/Src/stm32f1xx_hal_msp.o
                0x08001328                HAL_UART_MspInit
 .text.NMI_Handler
                0x080013cc        0x8 ./Core/Src/stm32f1xx_it.o
                0x080013cc                NMI_Handler
 .text.HardFault_Handler
                0x080013d4        0x8 ./Core/Src/stm32f1xx_it.o
                0x080013d4                HardFault_Handler
 .text.MemManage_Handler
                0x080013dc        0x8 ./Core/Src/stm32f1xx_it.o
                0x080013dc                MemManage_Handler
 .text.BusFault_Handler
                0x080013e4        0x8 ./Core/Src/stm32f1xx_it.o
                0x080013e4                BusFault_Handler
 .text.UsageFault_Handler
                0x080013ec        0x8 ./Core/Src/stm32f1xx_it.o
                0x080013ec                UsageFault_Handler
 .text.SVC_Handler
                0x080013f4        0xc ./Core/Src/stm32f1xx_it.o
                0x080013f4                SVC_Handler
 .text.DebugMon_Handler
                0x08001400        0xc ./Core/Src/stm32f1xx_it.o
                0x08001400                DebugMon_Handler
 .text.PendSV_Handler
                0x0800140c        0xc ./Core/Src/stm32f1xx_it.o
                0x0800140c                PendSV_Handler
 .text.SysTick_Handler
                0x08001418        0xc ./Core/Src/stm32f1xx_it.o
                0x08001418                SysTick_Handler
 .text.TIM2_IRQHandler
                0x08001424       0x14 ./Core/Src/stm32f1xx_it.o
                0x08001424                TIM2_IRQHandler
 .text.USART2_IRQHandler
                0x08001438       0x14 ./Core/Src/stm32f1xx_it.o
                0x08001438                USART2_IRQHandler
 .text.SystemInit
                0x0800144c        0xc ./Core/Src/system_stm32f1xx.o
                0x0800144c                SystemInit
 .text.Reset_Handler
                0x08001458       0x48 ./Core/Startup/startup_stm32f103c6ux.o
                0x08001458                Reset_Handler
 .text.Default_Handler
                0x080014a0        0x2 ./Core/Startup/startup_stm32f103c6ux.o
                0x080014a0                RTC_Alarm_IRQHandler
                0x080014a0                EXTI2_IRQHandler
                0x080014a0                TIM1_CC_IRQHandler
                0x080014a0                PVD_IRQHandler
                0x080014a0                EXTI3_IRQHandler
                0x080014a0                EXTI0_IRQHandler
                0x080014a0                ADC1_2_IRQHandler
                0x080014a0                SPI1_IRQHandler
                0x080014a0                TAMPER_IRQHandler
                0x080014a0                DMA1_Channel4_IRQHandler
                0x080014a0                RTC_IRQHandler
                0x080014a0                DMA1_Channel7_IRQHandler
                0x080014a0                CAN1_RX1_IRQHandler
                0x080014a0                I2C1_EV_IRQHandler
                0x080014a0                DMA1_Channel6_IRQHandler
                0x080014a0                TIM3_IRQHandler
                0x080014a0                RCC_IRQHandler
                0x080014a0                TIM1_TRG_COM_IRQHandler
                0x080014a0                DMA1_Channel1_IRQHandler
                0x080014a0                Default_Handler
                0x080014a0                EXTI15_10_IRQHandler
                0x080014a0                EXTI9_5_IRQHandler
                0x080014a0                DMA1_Channel5_IRQHandler
                0x080014a0                EXTI4_IRQHandler
                0x080014a0                USB_LP_CAN1_RX0_IRQHandler
                0x080014a0                USB_HP_CAN1_TX_IRQHandler
                0x080014a0                DMA1_Channel3_IRQHandler
                0x080014a0                TIM1_UP_IRQHandler
                0x080014a0                WWDG_IRQHandler
                0x080014a0                TIM1_BRK_IRQHandler
                0x080014a0                EXTI1_IRQHandler
                0x080014a0                DMA1_Channel2_IRQHandler
                0x080014a0                CAN1_SCE_IRQHandler
                0x080014a0                FLASH_IRQHandler
                0x080014a0                USART1_IRQHandler
                0x080014a0                I2C1_ER_IRQHandler
                0x080014a0                USBWakeUp_IRQHandler
 *fill*         0x080014a2        0x2 
 .text.HAL_Init
                0x080014a4       0x2c ./Drivers/STM32F1xx_HAL_Driver/Src/stm32f1xx_hal.o
                0x080014a4                HAL_Init
 .text.HAL_InitTick
                0x080014d0       0x60 ./Drivers/STM32F1xx_HAL_Driver/Src/stm32f1xx_hal.o
                0x080014d0                HAL_InitTick
 .text.HAL_IncTick
                0x08001530       0x24 ./Drivers/STM32F1xx_HAL_Driver/Src/stm32f1xx_hal.o
                0x08001530                HAL_IncTick
 .text.HAL_GetTick
                0x08001554       0x14 ./Drivers/STM32F1xx_HAL_Driver/Src/stm32f1xx_hal.o
                0x08001554                HAL_GetTick
 .text.__NVIC_SetPriorityGrouping
                0x08001568       0x48 ./Drivers/STM32F1xx_HAL_Driver/Src/stm32f1xx_hal_cortex.o
 .text.__NVIC_GetPriorityGrouping
                0x080015b0       0x1c ./Drivers/STM32F1xx_HAL_Driver/Src/stm32f1xx_hal_cortex.o
 .text.__NVIC_EnableIRQ
                0x080015cc       0x38 ./Drivers/STM32F1xx_HAL_Driver/Src/stm32f1xx_hal_cortex.o
 .text.__NVIC_SetPriority
                0x08001604       0x54 ./Drivers/STM32F1xx_HAL_Driver/Src/stm32f1xx_hal_cortex.o
 .text.NVIC_EncodePriority
                0x08001658       0x64 ./Drivers/STM32F1xx_HAL_Driver/Src/stm32f1xx_hal_cortex.o
 .text.SysTick_Config
                0x080016bc       0x44 ./Drivers/STM32F1xx_HAL_Driver/Src/stm32f1xx_hal_cortex.o
 .text.HAL_NVIC_SetPriorityGrouping
                0x08001700       0x16 ./Drivers/STM32F1xx_HAL_Driver/Src/stm32f1xx_hal_cortex.o
                0x08001700                HAL_NVIC_SetPriorityGrouping
 .text.HAL_NVIC_SetPriority
                0x08001716       0x38 ./Drivers/STM32F1xx_HAL_Driver/Src/stm32f1xx_hal_cortex.o
                0x08001716                HAL_NVIC_SetPriority
 .text.HAL_NVIC_EnableIRQ
                0x0800174e       0x1c ./Drivers/STM32F1xx_HAL_Driver/Src/stm32f1xx_hal_cortex.o
                0x0800174e                HAL_NVIC_EnableIRQ
 .text.HAL_SYSTICK_Config
                0x0800176a       0x18 ./Drivers/STM32F1xx_HAL_Driver/Src/stm32f1xx_hal_cortex.o
                0x0800176a                HAL_SYSTICK_Config
 .text.HAL_DMA_Abort
                0x08001782       0x76 ./Drivers/STM32F1xx_HAL_Driver/Src/stm32f1xx_hal_dma.o
                0x08001782                HAL_DMA_Abort
 .text.HAL_DMA_Abort_IT
                0x080017f8       0xf0 ./Drivers/STM32F1xx_HAL_Driver/Src/stm32f1xx_hal_dma.o
                0x080017f8                HAL_DMA_Abort_IT
 .text.HAL_GPIO_Init
                0x080018e8      0x2f8 ./Drivers/STM32F1xx_HAL_Driver/Src/stm32f1xx_hal_gpio.o
                0x080018e8                HAL_GPIO_Init
 .text.HAL_GPIO_ReadPin
                0x08001be0       0x2e ./Drivers/STM32F1xx_HAL_Driver/Src/stm32f1xx_hal_gpio.o
                0x08001be0                HAL_GPIO_ReadPin
 .text.HAL_GPIO_WritePin
                0x08001c0e       0x30 ./Drivers/STM32F1xx_HAL_Driver/Src/stm32f1xx_hal_gpio.o
                0x08001c0e                HAL_GPIO_WritePin
 .text.HAL_GPIO_TogglePin
                0x08001c3e       0x32 ./Drivers/STM32F1xx_HAL_Driver/Src/stm32f1xx_hal_gpio.o
                0x08001c3e                HAL_GPIO_TogglePin
 .text.HAL_I2C_Init
                0x08001c70      0x288 ./Drivers/STM32F1xx_HAL_Driver/Src/stm32f1xx_hal_i2c.o
                0x08001c70                HAL_I2C_Init
 .text.HAL_I2C_Master_Transmit
                0x08001ef8      0x1fc ./Drivers/STM32F1xx_HAL_Driver/Src/stm32f1xx_hal_i2c.o
                0x08001ef8                HAL_I2C_Master_Transmit
 .text.I2C_MasterRequestWrite
                0x080020f4      0x104 ./Drivers/STM32F1xx_HAL_Driver/Src/stm32f1xx_hal_i2c.o
 .text.I2C_WaitOnFlagUntilTimeout
                0x080021f8       0xf4 ./Drivers/STM32F1xx_HAL_Driver/Src/stm32f1xx_hal_i2c.o
 .text.I2C_WaitOnMasterAddressFlagUntilTimeout
                0x080022ec      0x140 ./Drivers/STM32F1xx_HAL_Driver/Src/stm32f1xx_hal_i2c.o
 .text.I2C_WaitOnTXEFlagUntilTimeout
                0x0800242c       0x90 ./Drivers/STM32F1xx_HAL_Driver/Src/stm32f1xx_hal_i2c.o
 .text.I2C_WaitOnBTFFlagUntilTimeout
                0x080024bc       0x90 ./Drivers/STM32F1xx_HAL_Driver/Src/stm32f1xx_hal_i2c.o
 .text.I2C_IsAcknowledgeFailed
                0x0800254c       0x5c ./Drivers/STM32F1xx_HAL_Driver/Src/stm32f1xx_hal_i2c.o
 .text.HAL_RCC_OscConfig
                0x080025a8      0x504 ./Drivers/STM32F1xx_HAL_Driver/Src/stm32f1xx_hal_rcc.o
                0x080025a8                HAL_RCC_OscConfig
 .text.HAL_RCC_ClockConfig
                0x08002aac      0x1d4 ./Drivers/STM32F1xx_HAL_Driver/Src/stm32f1xx_hal_rcc.o
                0x08002aac                HAL_RCC_ClockConfig
 .text.HAL_RCC_GetSysClockFreq
                0x08002c80       0xa8 ./Drivers/STM32F1xx_HAL_Driver/Src/stm32f1xx_hal_rcc.o
                0x08002c80                HAL_RCC_GetSysClockFreq
 .text.HAL_RCC_GetHCLKFreq
                0x08002d28       0x14 ./Drivers/STM32F1xx_HAL_Driver/Src/stm32f1xx_hal_rcc.o
                0x08002d28                HAL_RCC_GetHCLKFreq
 .text.HAL_RCC_GetPCLK1Freq
                0x08002d3c       0x28 ./Drivers/STM32F1xx_HAL_Driver/Src/stm32f1xx_hal_rcc.o
                0x08002d3c                HAL_RCC_GetPCLK1Freq
 .text.HAL_RCC_GetPCLK2Freq
                0x08002d64       0x28 ./Drivers/STM32F1xx_HAL_Driver/Src/stm32f1xx_hal_rcc.o
                0x08002d64                HAL_RCC_GetPCLK2Freq
 .text.RCC_Delay
                0x08002d8c       0x3c ./Drivers/STM32F1xx_HAL_Driver/Src/stm32f1xx_hal_rcc.o
 .text.HAL_TIM_Base_Init
                0x08002dc8       0x9e ./Drivers/STM32F1xx_HAL_Driver/Src/stm32f1xx_hal_tim.o
                0x08002dc8                HAL_TIM_Base_Init
 *fill*         0x08002e66        0x2 
 .text.HAL_TIM_Base_Start_IT
                0x08002e68       0x98 ./Drivers/STM32F1xx_HAL_Driver/Src/stm32f1xx_hal_tim.o
                0x08002e68                HAL_TIM_Base_Start_IT
 .text.HAL_TIM_IRQHandler
                0x08002f00      0x1e0 ./Drivers/STM32F1xx_HAL_Driver/Src/stm32f1xx_hal_tim.o
                0x08002f00                HAL_TIM_IRQHandler
 .text.HAL_TIM_ConfigClockSource
                0x080030e0      0x18e ./Drivers/STM32F1xx_HAL_Driver/Src/stm32f1xx_hal_tim.o
                0x080030e0                HAL_TIM_ConfigClockSource
 .text.HAL_TIM_OC_DelayElapsedCallback
                0x0800326e       0x12 ./Drivers/STM32F1xx_HAL_Driver/Src/stm32f1xx_hal_tim.o
                0x0800326e                HAL_TIM_OC_DelayElapsedCallback
 .text.HAL_TIM_IC_CaptureCallback
                0x08003280       0x12 ./Drivers/STM32F1xx_HAL_Driver/Src/stm32f1xx_hal_tim.o
                0x08003280                HAL_TIM_IC_CaptureCallback
 .text.HAL_TIM_PWM_PulseFinishedCallback
                0x08003292       0x12 ./Drivers/STM32F1xx_HAL_Driver/Src/stm32f1xx_hal_tim.o
                0x08003292                HAL_TIM_PWM_PulseFinishedCallback
 .text.HAL_TIM_TriggerCallback
                0x080032a4       0x12 ./Drivers/STM32F1xx_HAL_Driver/Src/stm32f1xx_hal_tim.o
                0x080032a4                HAL_TIM_TriggerCallback
 *fill*         0x080032b6        0x2 
 .text.TIM_Base_SetConfig
                0x080032b8       0xc8 ./Drivers/STM32F1xx_HAL_Driver/Src/stm32f1xx_hal_tim.o
                0x080032b8                TIM_Base_SetConfig
 .text.TIM_TI1_ConfigInputStage
                0x08003380       0x5c ./Drivers/STM32F1xx_HAL_Driver/Src/stm32f1xx_hal_tim.o
 .text.TIM_TI2_ConfigInputStage
                0x080033dc       0x5e ./Drivers/STM32F1xx_HAL_Driver/Src/stm32f1xx_hal_tim.o
 .text.TIM_ITRx_SetConfig
                0x0800343a       0x34 ./Drivers/STM32F1xx_HAL_Driver/Src/stm32f1xx_hal_tim.o
 .text.TIM_ETR_SetConfig
                0x0800346e       0x3e ./Drivers/STM32F1xx_HAL_Driver/Src/stm32f1xx_hal_tim.o
                0x0800346e                TIM_ETR_SetConfig
 .text.HAL_TIMEx_MasterConfigSynchronization
                0x080034ac       0xb0 ./Drivers/STM32F1xx_HAL_Driver/Src/stm32f1xx_hal_tim_ex.o
                0x080034ac                HAL_TIMEx_MasterConfigSynchronization
 .text.HAL_TIMEx_CommutCallback
                0x0800355c       0x12 ./Drivers/STM32F1xx_HAL_Driver/Src/stm32f1xx_hal_tim_ex.o
                0x0800355c                HAL_TIMEx_CommutCallback
 .text.HAL_TIMEx_BreakCallback
                0x0800356e       0x12 ./Drivers/STM32F1xx_HAL_Driver/Src/stm32f1xx_hal_tim_ex.o
                0x0800356e                HAL_TIMEx_BreakCallback
 .text.HAL_UART_Init
                0x08003580       0xa0 ./Drivers/STM32F1xx_HAL_Driver/Src/stm32f1xx_hal_uart.o
                0x08003580                HAL_UART_Init
 .text.HAL_UART_IRQHandler
                0x08003620      0x524 ./Drivers/STM32F1xx_HAL_Driver/Src/stm32f1xx_hal_uart.o
                0x08003620                HAL_UART_IRQHandler
 .text.HAL_UART_TxCpltCallback
                0x08003b44       0x12 ./Drivers/STM32F1xx_HAL_Driver/Src/stm32f1xx_hal_uart.o
                0x08003b44                HAL_UART_TxCpltCallback
 .text.HAL_UART_RxCpltCallback
                0x08003b56       0x12 ./Drivers/STM32F1xx_HAL_Driver/Src/stm32f1xx_hal_uart.o
                0x08003b56                HAL_UART_RxCpltCallback
 .text.HAL_UART_ErrorCallback
                0x08003b68       0x12 ./Drivers/STM32F1xx_HAL_Driver/Src/stm32f1xx_hal_uart.o
                0x08003b68                HAL_UART_ErrorCallback
 .text.HAL_UARTEx_RxEventCallback
                0x08003b7a       0x16 ./Drivers/STM32F1xx_HAL_Driver/Src/stm32f1xx_hal_uart.o
                0x08003b7a                HAL_UARTEx_RxEventCallback
 .text.UART_EndRxTransfer
                0x08003b90       0xc4 ./Drivers/STM32F1xx_HAL_Driver/Src/stm32f1xx_hal_uart.o
 .text.UART_DMAAbortOnError
                0x08003c54       0x28 ./Drivers/STM32F1xx_HAL_Driver/Src/stm32f1xx_hal_uart.o
 .text.UART_Transmit_IT
                0x08003c7c       0x9e ./Drivers/STM32F1xx_HAL_Driver/Src/stm32f1xx_hal_uart.o
 .text.UART_EndTransmit_IT
                0x08003d1a       0x30 ./Drivers/STM32F1xx_HAL_Driver/Src/stm32f1xx_hal_uart.o
 .text.UART_Receive_IT
                0x08003d4a      0x17c ./Drivers/STM32F1xx_HAL_Driver/Src/stm32f1xx_hal_uart.o
 *fill*         0x08003ec6        0x2 
 .text.UART_SetConfig
                0x08003ec8      0x11c ./Drivers/STM32F1xx_HAL_Driver/Src/stm32f1xx_hal_uart.o
 .text.memset   0x08003fe4       0x10 D:/VXL/STM32CubeIDE_1.18.0/STM32CubeIDE/plugins/com.st.stm32cube.ide.mcu.externaltools.gnu-tools-for-stm32.13.3.rel1.win32_1.0.0.202411081344/tools/bin/../lib/gcc/arm-none-eabi/13.3.1/../../../../arm-none-eabi/lib/thumb/v7-m/nofp\libc_nano.a(libc_a-memset.o)
                0x08003fe4                memset
 .text.__libc_init_array
                0x08003ff4       0x48 D:/VXL/STM32CubeIDE_1.18.0/STM32CubeIDE/plugins/com.st.stm32cube.ide.mcu.externaltools.gnu-tools-for-stm32.13.3.rel1.win32_1.0.0.202411081344/tools/bin/../lib/gcc/arm-none-eabi/13.3.1/../../../../arm-none-eabi/lib/thumb/v7-m/nofp\libc_nano.a(libc_a-init.o)
                0x08003ff4                __libc_init_array
 *(.glue_7)
 .glue_7        0x0800403c        0x0 linker stubs
 *(.glue_7t)
 .glue_7t       0x0800403c        0x0 linker stubs
 *(.eh_frame)
 .eh_frame      0x0800403c        0x0 D:/VXL/STM32CubeIDE_1.18.0/STM32CubeIDE/plugins/com.st.stm32cube.ide.mcu.externaltools.gnu-tools-for-stm32.13.3.rel1.win32_1.0.0.202411081344/tools/bin/../lib/gcc/arm-none-eabi/13.3.1/thumb/v7-m/nofp/crtbegin.o
 *(.init)
 .init          0x0800403c        0x4 D:/VXL/STM32CubeIDE_1.18.0/STM32CubeIDE/plugins/com.st.stm32cube.ide.mcu.externaltools.gnu-tools-for-stm32.13.3.rel1.win32_1.0.0.202411081344/tools/bin/../lib/gcc/arm-none-eabi/13.3.1/thumb/v7-m/nofp/crti.o
                0x0800403c                _init
 .init          0x08004040        0x8 D:/VXL/STM32CubeIDE_1.18.0/STM32CubeIDE/plugins/com.st.stm32cube.ide.mcu.externaltools.gnu-tools-for-stm32.13.3.rel1.win32_1.0.0.202411081344/tools/bin/../lib/gcc/arm-none-eabi/13.3.1/thumb/v7-m/nofp/crtn.o
 *(.fini)
 .fini          0x08004048        0x4 D:/VXL/STM32CubeIDE_1.18.0/STM32CubeIDE/plugins/com.st.stm32cube.ide.mcu.externaltools.gnu-tools-for-stm32.13.3.rel1.win32_1.0.0.202411081344/tools/bin/../lib/gcc/arm-none-eabi/13.3.1/thumb/v7-m/nofp/crti.o
                0x08004048                _fini
 .fini          0x0800404c        0x8 D:/VXL/STM32CubeIDE_1.18.0/STM32CubeIDE/plugins/com.st.stm32cube.ide.mcu.externaltools.gnu-tools-for-stm32.13.3.rel1.win32_1.0.0.202411081344/tools/bin/../lib/gcc/arm-none-eabi/13.3.1/thumb/v7-m/nofp/crtn.o
                0x08004054                        . = ALIGN (0x4)
                0x08004054                        _etext = .

.vfp11_veneer   0x08004054        0x0
 .vfp11_veneer  0x08004054        0x0 linker stubs

.v4_bx          0x08004054        0x0
 .v4_bx         0x08004054        0x0 linker stubs

.iplt           0x08004054        0x0
 .iplt          0x08004054        0x0 D:/VXL/STM32CubeIDE_1.18.0/STM32CubeIDE/plugins/com.st.stm32cube.ide.mcu.externaltools.gnu-tools-for-stm32.13.3.rel1.win32_1.0.0.202411081344/tools/bin/../lib/gcc/arm-none-eabi/13.3.1/thumb/v7-m/nofp/crtbegin.o

.rodata         0x08004054       0x2c
                0x08004054                        . = ALIGN (0x4)
 *(.rodata)
 *(.rodata*)
 .rodata.AHBPrescTable
                0x08004054       0x10 ./Core/Src/system_stm32f1xx.o
                0x08004054                AHBPrescTable
 .rodata.APBPrescTable
                0x08004064        0x8 ./Core/Src/system_stm32f1xx.o
                0x08004064                APBPrescTable
 .rodata.aPLLMULFactorTable.1
                0x0800406c       0x10 ./Drivers/STM32F1xx_HAL_Driver/Src/stm32f1xx_hal_rcc.o
 .rodata.aPredivFactorTable.0
                0x0800407c        0x2 ./Drivers/STM32F1xx_HAL_Driver/Src/stm32f1xx_hal_rcc.o
                0x08004080                        . = ALIGN (0x4)
 *fill*         0x0800407e        0x2 

.ARM.extab      0x08004080        0x0
                0x08004080                        . = ALIGN (0x4)
 *(.ARM.extab* .gnu.linkonce.armextab.*)
                0x08004080                        . = ALIGN (0x4)

.ARM            0x08004080        0x0
                0x08004080                        . = ALIGN (0x4)
                0x08004080                        __exidx_start = .
 *(.ARM.exidx*)
                0x08004080                        __exidx_end = .
                0x08004080                        . = ALIGN (0x4)

.preinit_array  0x08004080        0x0
                0x08004080                        . = ALIGN (0x4)
                0x08004080                        PROVIDE (__preinit_array_start = .)
 *(.preinit_array*)
                0x08004080                        PROVIDE (__preinit_array_end = .)
                0x08004080                        . = ALIGN (0x4)

.init_array     0x08004080        0x4
                0x08004080                        . = ALIGN (0x4)
                0x08004080                        PROVIDE (__init_array_start = .)
 *(SORT_BY_NAME(.init_array.*))
 *(.init_array*)
 .init_array    0x08004080        0x4 D:/VXL/STM32CubeIDE_1.18.0/STM32CubeIDE/plugins/com.st.stm32cube.ide.mcu.externaltools.gnu-tools-for-stm32.13.3.rel1.win32_1.0.0.202411081344/tools/bin/../lib/gcc/arm-none-eabi/13.3.1/thumb/v7-m/nofp/crtbegin.o
                0x08004084                        PROVIDE (__init_array_end = .)
                0x08004084                        . = ALIGN (0x4)

.fini_array     0x08004084        0x4
                0x08004084                        . = ALIGN (0x4)
                [!provide]                        PROVIDE (__fini_array_start = .)
 *(SORT_BY_NAME(.fini_array.*))
 *(.fini_array*)
 .fini_array    0x08004084        0x4 D:/VXL/STM32CubeIDE_1.18.0/STM32CubeIDE/plugins/com.st.stm32cube.ide.mcu.externaltools.gnu-tools-for-stm32.13.3.rel1.win32_1.0.0.202411081344/tools/bin/../lib/gcc/arm-none-eabi/13.3.1/thumb/v7-m/nofp/crtbegin.o
                [!provide]                        PROVIDE (__fini_array_end = .)
                0x08004088                        . = ALIGN (0x4)
                0x08004088                        _sidata = LOADADDR (.data)

.rel.dyn        0x08004088        0x0
 .rel.iplt      0x08004088        0x0 D:/VXL/STM32CubeIDE_1.18.0/STM32CubeIDE/plugins/com.st.stm32cube.ide.mcu.externaltools.gnu-tools-for-stm32.13.3.rel1.win32_1.0.0.202411081344/tools/bin/../lib/gcc/arm-none-eabi/13.3.1/thumb/v7-m/nofp/crtbegin.o

.data           0x20000000       0x4c load address 0x08004088
                0x20000000                        . = ALIGN (0x4)
                0x20000000                        _sdata = .
 *(.data)
 *(.data*)
 .data.KeyReg0  0x20000000        0x8 ./Core/Src/button.o
                0x20000000                KeyReg0
 .data.KeyReg1  0x20000008        0x8 ./Core/Src/button.o
                0x20000008                KeyReg1
 .data.KeyReg2  0x20000010        0x8 ./Core/Src/button.o
                0x20000010                KeyReg2
 .data.KeyReg3  0x20000018        0x8 ./Core/Src/button.o
                0x20000018                KeyReg3
 .data.TIME     0x20000020        0x8 ./Core/Src/button.o
                0x20000020                TIME
 .data.flag     0x20000028        0x4 ./Core/Src/fsm_setting.o
                0x20000028                flag
 .data.time_red
                0x2000002c        0x4 ./Core/Src/global.o
                0x2000002c                time_red
 .data.time_yellow
                0x20000030        0x4 ./Core/Src/global.o
                0x20000030                time_yellow
 .data.time_green
                0x20000034        0x4 ./Core/Src/global.o
                0x20000034                time_green
 .data.count3   0x20000038        0x4 ./Core/Src/global.o
                0x20000038                count3
 .data.timeout  0x2000003c        0x4 ./Core/Src/global.o
                0x2000003c                timeout
 .data.SystemCoreClock
                0x20000040        0x4 ./Core/Src/system_stm32f1xx.o
                0x20000040                SystemCoreClock
 .data.uwTickPrio
                0x20000044        0x4 ./Drivers/STM32F1xx_HAL_Driver/Src/stm32f1xx_hal.o
                0x20000044                uwTickPrio
 .data.uwTickFreq
                0x20000048        0x1 ./Drivers/STM32F1xx_HAL_Driver/Src/stm32f1xx_hal.o
                0x20000048                uwTickFreq
 *(.RamFunc)
 *(.RamFunc*)
                0x2000004c                        . = ALIGN (0x4)
 *fill*         0x20000049        0x3 
                0x2000004c                        _edata = .

.igot.plt       0x2000004c        0x0 load address 0x080040d4
 .igot.plt      0x2000004c        0x0 D:/VXL/STM32CubeIDE_1.18.0/STM32CubeIDE/plugins/com.st.stm32cube.ide.mcu.externaltools.gnu-tools-for-stm32.13.3.rel1.win32_1.0.0.202411081344/tools/bin/../lib/gcc/arm-none-eabi/13.3.1/thumb/v7-m/nofp/crtbegin.o
                0x2000004c                        . = ALIGN (0x4)

.bss            0x2000004c      0x184 load address 0x080040d4
                0x2000004c                        _sbss = .
                0x2000004c                        __bss_start__ = _sbss
 *(.bss)
 .bss           0x2000004c       0x1c D:/VXL/STM32CubeIDE_1.18.0/STM32CubeIDE/plugins/com.st.stm32cube.ide.mcu.externaltools.gnu-tools-for-stm32.13.3.rel1.win32_1.0.0.202411081344/tools/bin/../lib/gcc/arm-none-eabi/13.3.1/thumb/v7-m/nofp/crtbegin.o
 *(.bss*)
 .bss.button_flag
                0x20000068        0x8 ./Core/Src/button.o
                0x20000068                button_flag
 .bss.button_long_flag
                0x20000070        0x8 ./Core/Src/button.o
                0x20000070                button_long_flag
 .bss.tmp_red   0x20000078        0x4 ./Core/Src/fsm_setting.o
                0x20000078                tmp_red
 .bss.tmp_yellow
                0x2000007c        0x4 ./Core/Src/fsm_setting.o
                0x2000007c                tmp_yellow
 .bss.tmp_green
                0x20000080        0x4 ./Core/Src/fsm_setting.o
                0x20000080                tmp_green
 .bss.status1   0x20000084        0x4 ./Core/Src/global.o
                0x20000084                status1
 .bss.status2   0x20000088        0x4 ./Core/Src/global.o
                0x20000088                status2
 .bss.count1    0x2000008c        0x4 ./Core/Src/global.o
                0x2000008c                count1
 .bss.count2    0x20000090        0x4 ./Core/Src/global.o
                0x20000090                count2
 .bss.hi2c1     0x20000094       0x54 ./Core/Src/main.o
                0x20000094                hi2c1
 .bss.htim2     0x200000e8       0x48 ./Core/Src/main.o
                0x200000e8                htim2
 .bss.huart2    0x20000130       0x48 ./Core/Src/main.o
                0x20000130                huart2
 .bss.SCH_tasks_G
                0x20000178       0x50 ./Core/Src/scheduler.o
                0x20000178                SCH_tasks_G
 .bss.start     0x200001c8        0x1 ./Core/Src/scheduler.o
                0x200001c8                start
 .bss.end       0x200001c9        0x1 ./Core/Src/scheduler.o
                0x200001c9                end
 *fill*         0x200001ca        0x2 
 .bss.uwTick    0x200001cc        0x4 ./Drivers/STM32F1xx_HAL_Driver/Src/stm32f1xx_hal.o
                0x200001cc                uwTick
 *(COMMON)
                0x200001d0                        . = ALIGN (0x4)
                0x200001d0                        _ebss = .
                0x200001d0                        __bss_end__ = _ebss

._user_heap_stack
                0x200001d0      0x600 load address 0x080040d4
                0x200001d0                        . = ALIGN (0x8)
                [!provide]                        PROVIDE (end = .)
                0x200001d0                        PROVIDE (_end = .)
                0x200003d0                        . = (. + _Min_Heap_Size)
 *fill*         0x200001d0      0x200 
                0x200007d0                        . = (. + _Min_Stack_Size)
 *fill*         0x200003d0      0x400 
                0x200007d0                        . = ALIGN (0x8)

/DISCARD/
 libc.a(*)
 libm.a(*)
 libgcc.a(*)

.ARM.attributes
                0x00000000       0x29
 *(.ARM.attributes)
 .ARM.attributes
                0x00000000       0x1d D:/VXL/STM32CubeIDE_1.18.0/STM32CubeIDE/plugins/com.st.stm32cube.ide.mcu.externaltools.gnu-tools-for-stm32.13.3.rel1.win32_1.0.0.202411081344/tools/bin/../lib/gcc/arm-none-eabi/13.3.1/thumb/v7-m/nofp/crti.o
 .ARM.attributes
                0x0000001d       0x2d D:/VXL/STM32CubeIDE_1.18.0/STM32CubeIDE/plugins/com.st.stm32cube.ide.mcu.externaltools.gnu-tools-for-stm32.13.3.rel1.win32_1.0.0.202411081344/tools/bin/../lib/gcc/arm-none-eabi/13.3.1/thumb/v7-m/nofp/crtbegin.o
 .ARM.attributes
                0x0000004a       0x2d ./Core/Src/button.o
 .ARM.attributes
                0x00000077       0x2d ./Core/Src/fsm_automatic.o
 .ARM.attributes
                0x000000a4       0x2d ./Core/Src/fsm_manual.o
 .ARM.attributes
                0x000000d1       0x2d ./Core/Src/fsm_setting.o
 .ARM.attributes
                0x000000fe       0x2d ./Core/Src/global.o
 .ARM.attributes
                0x0000012b       0x2d ./Core/Src/i2c-lcd.o
 .ARM.attributes
                0x00000158       0x2d ./Core/Src/main.o
 .ARM.attributes
                0x00000185       0x2d ./Core/Src/scheduler.o
 .ARM.attributes
                0x000001b2       0x2d ./Core/Src/stm32f1xx_hal_msp.o
 .ARM.attributes
                0x000001df       0x2d ./Core/Src/stm32f1xx_it.o
 .ARM.attributes
                0x0000020c       0x2d ./Core/Src/system_stm32f1xx.o
 .ARM.attributes
                0x00000239       0x21 ./Core/Startup/startup_stm32f103c6ux.o
 .ARM.attributes
                0x0000025a       0x2d ./Drivers/STM32F1xx_HAL_Driver/Src/stm32f1xx_hal.o
 .ARM.attributes
                0x00000287       0x2d ./Drivers/STM32F1xx_HAL_Driver/Src/stm32f1xx_hal_cortex.o
 .ARM.attributes
                0x000002b4       0x2d ./Drivers/STM32F1xx_HAL_Driver/Src/stm32f1xx_hal_dma.o
 .ARM.attributes
                0x000002e1       0x2d ./Drivers/STM32F1xx_HAL_Driver/Src/stm32f1xx_hal_gpio.o
 .ARM.attributes
                0x0000030e       0x2d ./Drivers/STM32F1xx_HAL_Driver/Src/stm32f1xx_hal_i2c.o
 .ARM.attributes
                0x0000033b       0x2d ./Drivers/STM32F1xx_HAL_Driver/Src/stm32f1xx_hal_rcc.o
 .ARM.attributes
                0x00000368       0x2d ./Drivers/STM32F1xx_HAL_Driver/Src/stm32f1xx_hal_tim.o
 .ARM.attributes
                0x00000395       0x2d ./Drivers/STM32F1xx_HAL_Driver/Src/stm32f1xx_hal_tim_ex.o
 .ARM.attributes
                0x000003c2       0x2d ./Drivers/STM32F1xx_HAL_Driver/Src/stm32f1xx_hal_uart.o
 .ARM.attributes
                0x000003ef       0x2d D:/VXL/STM32CubeIDE_1.18.0/STM32CubeIDE/plugins/com.st.stm32cube.ide.mcu.externaltools.gnu-tools-for-stm32.13.3.rel1.win32_1.0.0.202411081344/tools/bin/../lib/gcc/arm-none-eabi/13.3.1/../../../../arm-none-eabi/lib/thumb/v7-m/nofp\libc_nano.a(libc_a-memset.o)
 .ARM.attributes
                0x0000041c       0x2d D:/VXL/STM32CubeIDE_1.18.0/STM32CubeIDE/plugins/com.st.stm32cube.ide.mcu.externaltools.gnu-tools-for-stm32.13.3.rel1.win32_1.0.0.202411081344/tools/bin/../lib/gcc/arm-none-eabi/13.3.1/../../../../arm-none-eabi/lib/thumb/v7-m/nofp\libc_nano.a(libc_a-init.o)
 .ARM.attributes
                0x00000449       0x1d D:/VXL/STM32CubeIDE_1.18.0/STM32CubeIDE/plugins/com.st.stm32cube.ide.mcu.externaltools.gnu-tools-for-stm32.13.3.rel1.win32_1.0.0.202411081344/tools/bin/../lib/gcc/arm-none-eabi/13.3.1/thumb/v7-m/nofp/crtn.o
OUTPUT(VXL_MiniProject.elf elf32-littlearm)
LOAD linker stubs
LOAD D:/VXL/STM32CubeIDE_1.18.0/STM32CubeIDE/plugins/com.st.stm32cube.ide.mcu.externaltools.gnu-tools-for-stm32.13.3.rel1.win32_1.0.0.202411081344/tools/bin/../lib/gcc/arm-none-eabi/13.3.1/../../../../arm-none-eabi/lib/thumb/v7-m/nofp\libc.a
LOAD D:/VXL/STM32CubeIDE_1.18.0/STM32CubeIDE/plugins/com.st.stm32cube.ide.mcu.externaltools.gnu-tools-for-stm32.13.3.rel1.win32_1.0.0.202411081344/tools/bin/../lib/gcc/arm-none-eabi/13.3.1/../../../../arm-none-eabi/lib/thumb/v7-m/nofp\libm.a
LOAD D:/VXL/STM32CubeIDE_1.18.0/STM32CubeIDE/plugins/com.st.stm32cube.ide.mcu.externaltools.gnu-tools-for-stm32.13.3.rel1.win32_1.0.0.202411081344/tools/bin/../lib/gcc/arm-none-eabi/13.3.1/thumb/v7-m/nofp\libgcc.a

.debug_info     0x00000000     0xfadf
 .debug_info    0x00000000      0x2a7 ./Core/Src/button.o
 .debug_info    0x000002a7      0x155 ./Core/Src/fsm_automatic.o
 .debug_info    0x000003fc      0x151 ./Core/Src/fsm_manual.o
 .debug_info    0x0000054d      0x277 ./Core/Src/fsm_setting.o
 .debug_info    0x000007c4      0x496 ./Core/Src/global.o
 .debug_info    0x00000c5a      0x721 ./Core/Src/i2c-lcd.o
 .debug_info    0x0000137b     0x11b1 ./Core/Src/main.o
 .debug_info    0x0000252c      0x225 ./Core/Src/scheduler.o
 .debug_info    0x00002751     0x104a ./Core/Src/stm32f1xx_hal_msp.o
 .debug_info    0x0000379b      0x94c ./Core/Src/stm32f1xx_it.o
 .debug_info    0x000040e7      0x222 ./Core/Src/system_stm32f1xx.o
 .debug_info    0x00004309       0x30 ./Core/Startup/startup_stm32f103c6ux.o
 .debug_info    0x00004339      0x6e6 ./Drivers/STM32F1xx_HAL_Driver/Src/stm32f1xx_hal.o
 .debug_info    0x00004a1f      0xa69 ./Drivers/STM32F1xx_HAL_Driver/Src/stm32f1xx_hal_cortex.o
 .debug_info    0x00005488      0x6d2 ./Drivers/STM32F1xx_HAL_Driver/Src/stm32f1xx_hal_dma.o
 .debug_info    0x00005b5a      0x5ab ./Drivers/STM32F1xx_HAL_Driver/Src/stm32f1xx_hal_gpio.o
 .debug_info    0x00006105     0x2524 ./Drivers/STM32F1xx_HAL_Driver/Src/stm32f1xx_hal_i2c.o
 .debug_info    0x00008629      0x7d5 ./Drivers/STM32F1xx_HAL_Driver/Src/stm32f1xx_hal_rcc.o
 .debug_info    0x00008dfe     0x2959 ./Drivers/STM32F1xx_HAL_Driver/Src/stm32f1xx_hal_tim.o
 .debug_info    0x0000b757     0x149b ./Drivers/STM32F1xx_HAL_Driver/Src/stm32f1xx_hal_tim_ex.o
 .debug_info    0x0000cbf2     0x2eed ./Drivers/STM32F1xx_HAL_Driver/Src/stm32f1xx_hal_uart.o

.debug_abbrev   0x00000000     0x2768
 .debug_abbrev  0x00000000      0x1a4 ./Core/Src/button.o
 .debug_abbrev  0x000001a4       0xa3 ./Core/Src/fsm_automatic.o
 .debug_abbrev  0x00000247       0x92 ./Core/Src/fsm_manual.o
 .debug_abbrev  0x000002d9      0x11f ./Core/Src/fsm_setting.o
 .debug_abbrev  0x000003f8      0x1da ./Core/Src/global.o
 .debug_abbrev  0x000005d2      0x1d3 ./Core/Src/i2c-lcd.o
 .debug_abbrev  0x000007a5      0x374 ./Core/Src/main.o
 .debug_abbrev  0x00000b19      0x15f ./Core/Src/scheduler.o
 .debug_abbrev  0x00000c78      0x1dd ./Core/Src/stm32f1xx_hal_msp.o
 .debug_abbrev  0x00000e55      0x19b ./Core/Src/stm32f1xx_it.o
 .debug_abbrev  0x00000ff0      0x13f ./Core/Src/system_stm32f1xx.o
 .debug_abbrev  0x0000112f       0x24 ./Core/Startup/startup_stm32f103c6ux.o
 .debug_abbrev  0x00001153      0x201 ./Drivers/STM32F1xx_HAL_Driver/Src/stm32f1xx_hal.o
 .debug_abbrev  0x00001354      0x2f8 ./Drivers/STM32F1xx_HAL_Driver/Src/stm32f1xx_hal_cortex.o
 .debug_abbrev  0x0000164c      0x20b ./Drivers/STM32F1xx_HAL_Driver/Src/stm32f1xx_hal_dma.o
 .debug_abbrev  0x00001857      0x1ca ./Drivers/STM32F1xx_HAL_Driver/Src/stm32f1xx_hal_gpio.o
 .debug_abbrev  0x00001a21      0x2a3 ./Drivers/STM32F1xx_HAL_Driver/Src/stm32f1xx_hal_i2c.o
 .debug_abbrev  0x00001cc4      0x2b3 ./Drivers/STM32F1xx_HAL_Driver/Src/stm32f1xx_hal_rcc.o
 .debug_abbrev  0x00001f77      0x277 ./Drivers/STM32F1xx_HAL_Driver/Src/stm32f1xx_hal_tim.o
 .debug_abbrev  0x000021ee      0x282 ./Drivers/STM32F1xx_HAL_Driver/Src/stm32f1xx_hal_tim_ex.o
 .debug_abbrev  0x00002470      0x2f8 ./Drivers/STM32F1xx_HAL_Driver/Src/stm32f1xx_hal_uart.o

.debug_aranges  0x00000000     0x1020
 .debug_aranges
                0x00000000       0x30 ./Core/Src/button.o
 .debug_aranges
                0x00000030       0x20 ./Core/Src/fsm_automatic.o
 .debug_aranges
                0x00000050       0x20 ./Core/Src/fsm_manual.o
 .debug_aranges
                0x00000070       0x20 ./Core/Src/fsm_setting.o
 .debug_aranges
                0x00000090       0x70 ./Core/Src/global.o
 .debug_aranges
                0x00000100       0x48 ./Core/Src/i2c-lcd.o
 .debug_aranges
                0x00000148       0x58 ./Core/Src/main.o
 .debug_aranges
                0x000001a0       0x40 ./Core/Src/scheduler.o
 .debug_aranges
                0x000001e0       0x50 ./Core/Src/stm32f1xx_hal_msp.o
 .debug_aranges
                0x00000230       0x70 ./Core/Src/stm32f1xx_it.o
 .debug_aranges
                0x000002a0       0x28 ./Core/Src/system_stm32f1xx.o
 .debug_aranges
                0x000002c8       0x28 ./Core/Startup/startup_stm32f103c6ux.o
 .debug_aranges
                0x000002f0       0xe0 ./Drivers/STM32F1xx_HAL_Driver/Src/stm32f1xx_hal.o
 .debug_aranges
                0x000003d0      0x100 ./Drivers/STM32F1xx_HAL_Driver/Src/stm32f1xx_hal_cortex.o
 .debug_aranges
                0x000004d0       0x80 ./Drivers/STM32F1xx_HAL_Driver/Src/stm32f1xx_hal_dma.o
 .debug_aranges
                0x00000550       0x58 ./Drivers/STM32F1xx_HAL_Driver/Src/stm32f1xx_hal_gpio.o
 .debug_aranges
                0x000005a8      0x2a8 ./Drivers/STM32F1xx_HAL_Driver/Src/stm32f1xx_hal_i2c.o
 .debug_aranges
                0x00000850       0x90 ./Drivers/STM32F1xx_HAL_Driver/Src/stm32f1xx_hal_rcc.o
 .debug_aranges
                0x000008e0      0x3d0 ./Drivers/STM32F1xx_HAL_Driver/Src/stm32f1xx_hal_tim.o
 .debug_aranges
                0x00000cb0      0x168 ./Drivers/STM32F1xx_HAL_Driver/Src/stm32f1xx_hal_tim_ex.o
 .debug_aranges
                0x00000e18      0x208 ./Drivers/STM32F1xx_HAL_Driver/Src/stm32f1xx_hal_uart.o

.debug_rnglists
                0x00000000      0xcb9
 .debug_rnglists
                0x00000000       0x20 ./Core/Src/button.o
 .debug_rnglists
                0x00000020       0x14 ./Core/Src/fsm_automatic.o
 .debug_rnglists
                0x00000034       0x14 ./Core/Src/fsm_manual.o
 .debug_rnglists
                0x00000048       0x14 ./Core/Src/fsm_setting.o
 .debug_rnglists
                0x0000005c       0x50 ./Core/Src/global.o
 .debug_rnglists
                0x000000ac       0x31 ./Core/Src/i2c-lcd.o
 .debug_rnglists
                0x000000dd       0x3f ./Core/Src/main.o
 .debug_rnglists
                0x0000011c       0x3e ./Core/Src/scheduler.o
 .debug_rnglists
                0x0000015a       0x39 ./Core/Src/stm32f1xx_hal_msp.o
 .debug_rnglists
                0x00000193       0x4f ./Core/Src/stm32f1xx_it.o
 .debug_rnglists
                0x000001e2       0x1a ./Core/Src/system_stm32f1xx.o
 .debug_rnglists
                0x000001fc       0x19 ./Core/Startup/startup_stm32f103c6ux.o
 .debug_rnglists
                0x00000215       0xa3 ./Drivers/STM32F1xx_HAL_Driver/Src/stm32f1xx_hal.o
 .debug_rnglists
                0x000002b8       0xbb ./Drivers/STM32F1xx_HAL_Driver/Src/stm32f1xx_hal_cortex.o
 .debug_rnglists
                0x00000373       0x64 ./Drivers/STM32F1xx_HAL_Driver/Src/stm32f1xx_hal_dma.o
 .debug_rnglists
                0x000003d7       0x3f ./Drivers/STM32F1xx_HAL_Driver/Src/stm32f1xx_hal_gpio.o
 .debug_rnglists
                0x00000416      0x23c ./Drivers/STM32F1xx_HAL_Driver/Src/stm32f1xx_hal_i2c.o
 .debug_rnglists
                0x00000652       0x6c ./Drivers/STM32F1xx_HAL_Driver/Src/stm32f1xx_hal_rcc.o
 .debug_rnglists
                0x000006be      0x31a ./Drivers/STM32F1xx_HAL_Driver/Src/stm32f1xx_hal_tim.o
 .debug_rnglists
                0x000009d8      0x125 ./Drivers/STM32F1xx_HAL_Driver/Src/stm32f1xx_hal_tim_ex.o
 .debug_rnglists
                0x00000afd      0x1bc ./Drivers/STM32F1xx_HAL_Driver/Src/stm32f1xx_hal_uart.o

.debug_macro    0x00000000    0x18c0a
 .debug_macro   0x00000000      0x1c4 ./Core/Src/button.o
 .debug_macro   0x000001c4      0xacc ./Core/Src/button.o
 .debug_macro   0x00000c90      0x221 ./Core/Src/button.o
 .debug_macro   0x00000eb1       0x2e ./Core/Src/button.o
 .debug_macro   0x00000edf       0x22 ./Core/Src/button.o
 .debug_macro   0x00000f01       0x22 ./Core/Src/button.o
 .debug_macro   0x00000f23       0x8e ./Core/Src/button.o
 .debug_macro   0x00000fb1       0x51 ./Core/Src/button.o
 .debug_macro   0x00001002      0x103 ./Core/Src/button.o
 .debug_macro   0x00001105       0x6a ./Core/Src/button.o
 .debug_macro   0x0000116f      0x1df ./Core/Src/button.o
 .debug_macro   0x0000134e       0x1c ./Core/Src/button.o
 .debug_macro   0x0000136a       0x22 ./Core/Src/button.o
 .debug_macro   0x0000138c       0xbd ./Core/Src/button.o
 .debug_macro   0x00001449      0xd23 ./Core/Src/button.o
 .debug_macro   0x0000216c     0xde75 ./Core/Src/button.o
 .debug_macro   0x0000ffe1       0x6d ./Core/Src/button.o
 .debug_macro   0x0001004e     0x34a2 ./Core/Src/button.o
 .debug_macro   0x000134f0      0x190 ./Core/Src/button.o
 .debug_macro   0x00013680       0x5c ./Core/Src/button.o
 .debug_macro   0x000136dc      0x5bc ./Core/Src/button.o
 .debug_macro   0x00013c98      0x1b7 ./Core/Src/button.o
 .debug_macro   0x00013e4f      0x1cb ./Core/Src/button.o
 .debug_macro   0x0001401a      0x114 ./Core/Src/button.o
 .debug_macro   0x0001412e      0x1b2 ./Core/Src/button.o
 .debug_macro   0x000142e0       0x27 ./Core/Src/button.o
 .debug_macro   0x00014307      0x12f ./Core/Src/button.o
 .debug_macro   0x00014436      0x1bc ./Core/Src/button.o
 .debug_macro   0x000145f2       0x34 ./Core/Src/button.o
 .debug_macro   0x00014626       0x3c ./Core/Src/button.o
 .debug_macro   0x00014662       0x57 ./Core/Src/button.o
 .debug_macro   0x000146b9       0x87 ./Core/Src/button.o
 .debug_macro   0x00014740      0x183 ./Core/Src/button.o
 .debug_macro   0x000148c3      0x287 ./Core/Src/button.o
 .debug_macro   0x00014b4a      0x140 ./Core/Src/button.o
 .debug_macro   0x00014c8a      0x8ed ./Core/Src/button.o
 .debug_macro   0x00015577      0x28e ./Core/Src/button.o
 .debug_macro   0x00015805       0x69 ./Core/Src/button.o
 .debug_macro   0x0001586e       0x1c ./Core/Src/button.o
 .debug_macro   0x0001588a      0x2e1 ./Core/Src/fsm_automatic.o
 .debug_macro   0x00015b6b       0x5b ./Core/Src/fsm_automatic.o
 .debug_macro   0x00015bc6       0x24 ./Core/Src/fsm_automatic.o
 .debug_macro   0x00015bea       0x94 ./Core/Src/fsm_automatic.o
 .debug_macro   0x00015c7e       0x43 ./Core/Src/fsm_automatic.o
 .debug_macro   0x00015cc1       0x34 ./Core/Src/fsm_automatic.o
 .debug_macro   0x00015cf5       0x16 ./Core/Src/fsm_automatic.o
 .debug_macro   0x00015d0b       0x57 ./Core/Src/fsm_automatic.o
 .debug_macro   0x00015d62       0x9e ./Core/Src/fsm_automatic.o
 .debug_macro   0x00015e00      0x370 ./Core/Src/fsm_automatic.o
 .debug_macro   0x00016170      0x112 ./Core/Src/fsm_automatic.o
 .debug_macro   0x00016282       0x10 ./Core/Src/fsm_automatic.o
 .debug_macro   0x00016292       0x16 ./Core/Src/fsm_automatic.o
 .debug_macro   0x000162a8       0x4a ./Core/Src/fsm_automatic.o
 .debug_macro   0x000162f2       0x34 ./Core/Src/fsm_automatic.o
 .debug_macro   0x00016326       0x10 ./Core/Src/fsm_automatic.o
 .debug_macro   0x00016336       0x58 ./Core/Src/fsm_automatic.o
 .debug_macro   0x0001638e       0x8e ./Core/Src/fsm_automatic.o
 .debug_macro   0x0001641c       0x1c ./Core/Src/fsm_automatic.o
 .debug_macro   0x00016438      0x185 ./Core/Src/fsm_automatic.o
 .debug_macro   0x000165bd       0x16 ./Core/Src/fsm_automatic.o
 .debug_macro   0x000165d3       0x16 ./Core/Src/fsm_automatic.o
 .debug_macro   0x000165e9      0x146 ./Core/Src/fsm_automatic.o
 .debug_macro   0x0001672f       0x16 ./Core/Src/fsm_automatic.o
 .debug_macro   0x00016745       0x3c ./Core/Src/fsm_automatic.o
 .debug_macro   0x00016781       0x20 ./Core/Src/fsm_automatic.o
 .debug_macro   0x000167a1       0x56 ./Core/Src/fsm_automatic.o
 .debug_macro   0x000167f7       0x22 ./Core/Src/fsm_automatic.o
 .debug_macro   0x00016819       0x88 ./Core/Src/fsm_automatic.o
 .debug_macro   0x000168a1      0x2ef ./Core/Src/fsm_manual.o
 .debug_macro   0x00016b90      0x2ef ./Core/Src/fsm_setting.o
 .debug_macro   0x00016e7f      0x2e5 ./Core/Src/global.o
 .debug_macro   0x00017164      0x1bb ./Core/Src/i2c-lcd.o
 .debug_macro   0x0001731f      0x2f5 ./Core/Src/main.o
 .debug_macro   0x00017614       0x61 ./Core/Src/main.o
 .debug_macro   0x00017675       0x72 ./Core/Src/scheduler.o
 .debug_macro   0x000176e7       0x10 ./Core/Src/scheduler.o
 .debug_macro   0x000176f7      0x1b5 ./Core/Src/stm32f1xx_hal_msp.o
 .debug_macro   0x000178ac      0x1bf ./Core/Src/stm32f1xx_it.o
 .debug_macro   0x00017a6b      0x1ab ./Core/Src/system_stm32f1xx.o
 .debug_macro   0x00017c16      0x1cf ./Drivers/STM32F1xx_HAL_Driver/Src/stm32f1xx_hal.o
 .debug_macro   0x00017de5      0x1ab ./Drivers/STM32F1xx_HAL_Driver/Src/stm32f1xx_hal_cortex.o
 .debug_macro   0x00017f90      0x1ab ./Drivers/STM32F1xx_HAL_Driver/Src/stm32f1xx_hal_dma.o
 .debug_macro   0x0001813b      0x216 ./Drivers/STM32F1xx_HAL_Driver/Src/stm32f1xx_hal_gpio.o
 .debug_macro   0x00018351      0x1f9 ./Drivers/STM32F1xx_HAL_Driver/Src/stm32f1xx_hal_i2c.o
 .debug_macro   0x0001854a      0x1bd ./Drivers/STM32F1xx_HAL_Driver/Src/stm32f1xx_hal_rcc.o
 .debug_macro   0x00018707      0x1ac ./Drivers/STM32F1xx_HAL_Driver/Src/stm32f1xx_hal_tim.o
 .debug_macro   0x000188b3      0x1ab ./Drivers/STM32F1xx_HAL_Driver/Src/stm32f1xx_hal_tim_ex.o
 .debug_macro   0x00018a5e      0x1ac ./Drivers/STM32F1xx_HAL_Driver/Src/stm32f1xx_hal_uart.o

.debug_line     0x00000000    0x148e7
 .debug_line    0x00000000      0x7ef ./Core/Src/button.o
 .debug_line    0x000007ef      0x9a4 ./Core/Src/fsm_automatic.o
 .debug_line    0x00001193      0x9f0 ./Core/Src/fsm_manual.o
 .debug_line    0x00001b83      0xa3e ./Core/Src/fsm_setting.o
 .debug_line    0x000025c1      0x9ee ./Core/Src/global.o
 .debug_line    0x00002faf      0x7cb ./Core/Src/i2c-lcd.o
 .debug_line    0x0000377a      0xa82 ./Core/Src/main.o
 .debug_line    0x000041fc      0x5cc ./Core/Src/scheduler.o
 .debug_line    0x000047c8      0x7f5 ./Core/Src/stm32f1xx_hal_msp.o
 .debug_line    0x00004fbd      0x7f6 ./Core/Src/stm32f1xx_it.o
 .debug_line    0x000057b3      0x796 ./Core/Src/system_stm32f1xx.o
 .debug_line    0x00005f49       0x78 ./Core/Startup/startup_stm32f103c6ux.o
 .debug_line    0x00005fc1      0x9c7 ./Drivers/STM32F1xx_HAL_Driver/Src/stm32f1xx_hal.o
 .debug_line    0x00006988      0xb91 ./Drivers/STM32F1xx_HAL_Driver/Src/stm32f1xx_hal_cortex.o
 .debug_line    0x00007519      0xdd1 ./Drivers/STM32F1xx_HAL_Driver/Src/stm32f1xx_hal_dma.o
 .debug_line    0x000082ea      0xa0f ./Drivers/STM32F1xx_HAL_Driver/Src/stm32f1xx_hal_gpio.o
 .debug_line    0x00008cf9     0x3bc4 ./Drivers/STM32F1xx_HAL_Driver/Src/stm32f1xx_hal_i2c.o
 .debug_line    0x0000c8bd      0xe80 ./Drivers/STM32F1xx_HAL_Driver/Src/stm32f1xx_hal_rcc.o
 .debug_line    0x0000d73d     0x346c ./Drivers/STM32F1xx_HAL_Driver/Src/stm32f1xx_hal_tim.o
 .debug_line    0x00010ba9     0x185b ./Drivers/STM32F1xx_HAL_Driver/Src/stm32f1xx_hal_tim_ex.o
 .debug_line    0x00012404     0x24e3 ./Drivers/STM32F1xx_HAL_Driver/Src/stm32f1xx_hal_uart.o

.debug_str      0x00000000    0x8a911
 .debug_str     0x00000000    0x8a911 ./Core/Src/button.o
                              0x82d7a (size before relaxing)
 .debug_str     0x0008a911    0x866c6 ./Core/Src/fsm_automatic.o
 .debug_str     0x0008a911    0x866c1 ./Core/Src/fsm_manual.o
 .debug_str     0x0008a911    0x86755 ./Core/Src/fsm_setting.o
 .debug_str     0x0008a911    0x86813 ./Core/Src/global.o
 .debug_str     0x0008a911    0x831a3 ./Core/Src/i2c-lcd.o
 .debug_str     0x0008a911    0x873d8 ./Core/Src/main.o
 .debug_str     0x0008a911     0x3e25 ./Core/Src/scheduler.o
 .debug_str     0x0008a911    0x839c9 ./Core/Src/stm32f1xx_hal_msp.o
 .debug_str     0x0008a911    0x8340e ./Core/Src/stm32f1xx_it.o
 .debug_str     0x0008a911    0x82ce3 ./Core/Src/system_stm32f1xx.o
 .debug_str     0x0008a911       0x63 ./Core/Startup/startup_stm32f103c6ux.o
 .debug_str     0x0008a911    0x833dc ./Drivers/STM32F1xx_HAL_Driver/Src/stm32f1xx_hal.o
 .debug_str     0x0008a911    0x83328 ./Drivers/STM32F1xx_HAL_Driver/Src/stm32f1xx_hal_cortex.o
 .debug_str     0x0008a911    0x8308c ./Drivers/STM32F1xx_HAL_Driver/Src/stm32f1xx_hal_dma.o
 .debug_str     0x0008a911    0x83069 ./Drivers/STM32F1xx_HAL_Driver/Src/stm32f1xx_hal_gpio.o
 .debug_str     0x0008a911    0x83daa ./Drivers/STM32F1xx_HAL_Driver/Src/stm32f1xx_hal_i2c.o
 .debug_str     0x0008a911    0x83112 ./Drivers/STM32F1xx_HAL_Driver/Src/stm32f1xx_hal_rcc.o
 .debug_str     0x0008a911    0x84114 ./Drivers/STM32F1xx_HAL_Driver/Src/stm32f1xx_hal_tim.o
 .debug_str     0x0008a911    0x83920 ./Drivers/STM32F1xx_HAL_Driver/Src/stm32f1xx_hal_tim_ex.o
 .debug_str     0x0008a911    0x83783 ./Drivers/STM32F1xx_HAL_Driver/Src/stm32f1xx_hal_uart.o

.comment        0x00000000       0x43
 .comment       0x00000000       0x43 ./Core/Src/button.o
                                 0x44 (size before relaxing)
 .comment       0x00000043       0x44 ./Core/Src/fsm_automatic.o
 .comment       0x00000043       0x44 ./Core/Src/fsm_manual.o
 .comment       0x00000043       0x44 ./Core/Src/fsm_setting.o
 .comment       0x00000043       0x44 ./Core/Src/global.o
 .comment       0x00000043       0x44 ./Core/Src/i2c-lcd.o
 .comment       0x00000043       0x44 ./Core/Src/main.o
 .comment       0x00000043       0x44 ./Core/Src/scheduler.o
 .comment       0x00000043       0x44 ./Core/Src/stm32f1xx_hal_msp.o
 .comment       0x00000043       0x44 ./Core/Src/stm32f1xx_it.o
 .comment       0x00000043       0x44 ./Core/Src/system_stm32f1xx.o
 .comment       0x00000043       0x44 ./Drivers/STM32F1xx_HAL_Driver/Src/stm32f1xx_hal.o
 .comment       0x00000043       0x44 ./Drivers/STM32F1xx_HAL_Driver/Src/stm32f1xx_hal_cortex.o
 .comment       0x00000043       0x44 ./Drivers/STM32F1xx_HAL_Driver/Src/stm32f1xx_hal_dma.o
 .comment       0x00000043       0x44 ./Drivers/STM32F1xx_HAL_Driver/Src/stm32f1xx_hal_gpio.o
 .comment       0x00000043       0x44 ./Drivers/STM32F1xx_HAL_Driver/Src/stm32f1xx_hal_i2c.o
 .comment       0x00000043       0x44 ./Drivers/STM32F1xx_HAL_Driver/Src/stm32f1xx_hal_rcc.o
 .comment       0x00000043       0x44 ./Drivers/STM32F1xx_HAL_Driver/Src/stm32f1xx_hal_tim.o
 .comment       0x00000043       0x44 ./Drivers/STM32F1xx_HAL_Driver/Src/stm32f1xx_hal_tim_ex.o
 .comment       0x00000043       0x44 ./Drivers/STM32F1xx_HAL_Driver/Src/stm32f1xx_hal_uart.o

.debug_frame    0x00000000     0x426c
 .debug_frame   0x00000000       0x84 ./Core/Src/button.o
 .debug_frame   0x00000084       0x2c ./Core/Src/fsm_automatic.o
 .debug_frame   0x000000b0       0x2c ./Core/Src/fsm_manual.o
 .debug_frame   0x000000dc       0x2c ./Core/Src/fsm_setting.o
 .debug_frame   0x00000108      0x14c ./Core/Src/global.o
 .debug_frame   0x00000254       0xd8 ./Core/Src/i2c-lcd.o
 .debug_frame   0x0000032c      0x10c ./Core/Src/main.o
 .debug_frame   0x00000438       0xc8 ./Core/Src/scheduler.o
 .debug_frame   0x00000500      0x110 ./Core/Src/stm32f1xx_hal_msp.o
 .debug_frame   0x00000610      0x13c ./Core/Src/stm32f1xx_it.o
 .debug_frame   0x0000074c       0x58 ./Core/Src/system_stm32f1xx.o
 .debug_frame   0x000007a4      0x334 ./Drivers/STM32F1xx_HAL_Driver/Src/stm32f1xx_hal.o
 .debug_frame   0x00000ad8      0x428 ./Drivers/STM32F1xx_HAL_Driver/Src/stm32f1xx_hal_cortex.o
 .debug_frame   0x00000f00      0x208 ./Drivers/STM32F1xx_HAL_Driver/Src/stm32f1xx_hal_dma.o
 .debug_frame   0x00001108      0x14c ./Drivers/STM32F1xx_HAL_Driver/Src/stm32f1xx_hal_gpio.o
 .debug_frame   0x00001254      0xc84 ./Drivers/STM32F1xx_HAL_Driver/Src/stm32f1xx_hal_i2c.o
 .debug_frame   0x00001ed8      0x218 ./Drivers/STM32F1xx_HAL_Driver/Src/stm32f1xx_hal_rcc.o
 .debug_frame   0x000020f0     0x11b4 ./Drivers/STM32F1xx_HAL_Driver/Src/stm32f1xx_hal_tim.o
 .debug_frame   0x000032a4      0x638 ./Drivers/STM32F1xx_HAL_Driver/Src/stm32f1xx_hal_tim_ex.o
 .debug_frame   0x000038dc      0x944 ./Drivers/STM32F1xx_HAL_Driver/Src/stm32f1xx_hal_uart.o
 .debug_frame   0x00004220       0x20 D:/VXL/STM32CubeIDE_1.18.0/STM32CubeIDE/plugins/com.st.stm32cube.ide.mcu.externaltools.gnu-tools-for-stm32.13.3.rel1.win32_1.0.0.202411081344/tools/bin/../lib/gcc/arm-none-eabi/13.3.1/../../../../arm-none-eabi/lib/thumb/v7-m/nofp\libc_nano.a(libc_a-memset.o)
 .debug_frame   0x00004240       0x2c D:/VXL/STM32CubeIDE_1.18.0/STM32CubeIDE/plugins/com.st.stm32cube.ide.mcu.externaltools.gnu-tools-for-stm32.13.3.rel1.win32_1.0.0.202411081344/tools/bin/../lib/gcc/arm-none-eabi/13.3.1/../../../../arm-none-eabi/lib/thumb/v7-m/nofp\libc_nano.a(libc_a-init.o)

.debug_line_str
                0x00000000       0x47
 .debug_line_str
                0x00000000       0x47 ./Core/Startup/startup_stm32f103c6ux.o
