../Core/Src/global.c:20:6:GPIO_Init	32	static
../Core/Src/global.c:59:6:ResetLight1	8	static
../Core/Src/global.c:65:6:RedLight1	8	static
../Core/Src/global.c:71:6:YellowLight1	8	static
../Core/Src/global.c:77:6:GreenLight1	8	static
../Core/Src/global.c:83:6:RedLight2	8	static
../Core/Src/global.c:89:6:YellowLight2	8	static
../Core/Src/global.c:94:6:GreenLight2	8	static
../Core/Src/global.c:100:6:ResetLight2	8	static
../Core/Src/global.c:106:6:BlinkLed	8	static
../Core/Src/global.c:110:6:Run_Traffic_Light	8	static
